                                                           The SAS System                        00:09 Wednesday, March 14, 2018   1

                                                         The FREQ Procedure

                                          Table of flag_xscript_simulated by bin_dtct_apn0

                              flag_xscript_simulated     bin_dtct_apn0

                              Frequency|
                              Percent  |
                              Row Pct  |
                              Col Pct  |0%      |1-24%   |100%    |25-50%  |50-74%  |75-99%  |  Total
                              ---------+--------+--------+--------+--------+--------+--------+
                                     0 |   1919 |   4944 |   1178 |   7853 |   4252 |  14226 |  34372
                                       |   4.33 |  11.16 |   2.66 |  17.72 |   9.59 |  32.10 |  77.56
                                       |   5.58 |  14.38 |   3.43 |  22.85 |  12.37 |  41.39 |
                                       |  84.09 |  95.55 |  33.59 |  67.70 |  81.02 |  86.19 |
                              ---------+--------+--------+--------+--------+--------+--------+
                                     1 |    363 |    230 |   2329 |   3747 |    996 |   2280 |   9945
                                       |   0.82 |   0.52 |   5.26 |   8.45 |   2.25 |   5.14 |  22.44
                                       |   3.65 |   2.31 |  23.42 |  37.68 |  10.02 |  22.93 |
                                       |  15.91 |   4.45 |  66.41 |  32.30 |  18.98 |  13.81 |
                              ---------+--------+--------+--------+--------+--------+--------+
                              Total        2282     5174     3507    11600     5248    16506    44317
                                           5.15    11.67     7.91    26.18    11.84    37.25   100.00


                                          Table of flag_xscript_simulated by bin_dtct_apn5

                              flag_xscript_simulated     bin_dtct_apn5

                              Frequency|
                              Percent  |
                              Row Pct  |
                              Col Pct  |0%      |1-24%   |100%    |25-50%  |50-74%  |75-99%  |  Total
                              ---------+--------+--------+--------+--------+--------+--------+
                                     0 |   2827 |   6509 |    284 |  11898 |   3893 |   8961 |  34372
                                       |   6.38 |  14.69 |   0.64 |  26.85 |   8.78 |  20.22 |  77.56
                                       |   8.22 |  18.94 |   0.83 |  34.62 |  11.33 |  26.07 |
                                       |  84.89 |  94.68 |  29.37 |  68.24 |  82.25 |  81.63 |
                              ---------+--------+--------+--------+--------+--------+--------+
                                     1 |    503 |    366 |    683 |   5537 |    840 |   2016 |   9945
                                       |   1.14 |   0.83 |   1.54 |  12.49 |   1.90 |   4.55 |  22.44
                                       |   5.06 |   3.68 |   6.87 |  55.68 |   8.45 |  20.27 |
                                       |  15.11 |   5.32 |  70.63 |  31.76 |  17.75 |  18.37 |
                              ---------+--------+--------+--------+--------+--------+--------+
                              Total        3330     6875      967    17435     4733    10977    44317
                                           7.51    15.51     2.18    39.34    10.68    24.77   100.00
